2025-08-17T02:07:31.1516707Z Current runner version: '2.327.1'
2025-08-17T02:07:31.1550854Z ##[group]Runner Image Provisioner
2025-08-17T02:07:31.1552361Z Hosted Compute Agent
2025-08-17T02:07:31.1553155Z Version: 20250812.370
2025-08-17T02:07:31.1554134Z Commit: 4a2b2bf7520004e3e907c2150c8cabe342a3da32
2025-08-17T02:07:31.1555268Z Build Date: 2025-08-12T16:08:14Z
2025-08-17T02:07:31.1556237Z ##[endgroup]
2025-08-17T02:07:31.1557048Z ##[group]Operating System
2025-08-17T02:07:31.1558030Z Ubuntu
2025-08-17T02:07:31.1558727Z 24.04.2
2025-08-17T02:07:31.1559441Z LTS
2025-08-17T02:07:31.1560201Z ##[endgroup]
2025-08-17T02:07:31.1560931Z ##[group]Runner Image
2025-08-17T02:07:31.1562403Z Image: ubuntu-24.04
2025-08-17T02:07:31.1563205Z Version: 20250810.1.0
2025-08-17T02:07:31.1564903Z Included Software: https://github.com/actions/runner-images/blob/ubuntu24/20250810.1/images/ubuntu/Ubuntu2404-Readme.md
2025-08-17T02:07:31.1567573Z Image Release: https://github.com/actions/runner-images/releases/tag/ubuntu24%2F20250810.1
2025-08-17T02:07:31.1569145Z ##[endgroup]
2025-08-17T02:07:31.1571019Z ##[group]GITHUB_TOKEN Permissions
2025-08-17T02:07:31.1573799Z Contents: read
2025-08-17T02:07:31.1574693Z Metadata: read
2025-08-17T02:07:31.1575445Z Packages: read
2025-08-17T02:07:31.1576287Z ##[endgroup]
2025-08-17T02:07:31.1579057Z Secret source: Actions
2025-08-17T02:07:31.1580211Z Prepare workflow directory
2025-08-17T02:07:31.2119918Z Prepare all required actions
2025-08-17T02:07:31.2177255Z Getting action download info
2025-08-17T02:07:31.4642795Z Download action repository 'actions/checkout@v4' (SHA:08eba0b27e820071cde6df949e0beb9ba4906955)
2025-08-17T02:07:31.6747175Z Download action repository 'actions/setup-python@v5' (SHA:a26af69be951a213d495a4c3e4e4022e16d87065)
2025-08-17T02:07:31.9989678Z Complete job name: lint_and_test
2025-08-17T02:07:32.0767644Z ##[group]Run actions/checkout@v4
2025-08-17T02:07:32.0768948Z with:
2025-08-17T02:07:32.0769780Z   repository: BradleyConlin/northstrike-training
2025-08-17T02:07:32.0771149Z   token: ***
2025-08-17T02:07:32.0772045Z   ssh-strict: true
2025-08-17T02:07:32.0772770Z   ssh-user: git
2025-08-17T02:07:32.0773521Z   persist-credentials: true
2025-08-17T02:07:32.0774350Z   clean: true
2025-08-17T02:07:32.0775102Z   sparse-checkout-cone-mode: true
2025-08-17T02:07:32.0776013Z   fetch-depth: 1
2025-08-17T02:07:32.0776720Z   fetch-tags: false
2025-08-17T02:07:32.0777465Z   show-progress: true
2025-08-17T02:07:32.0778223Z   lfs: false
2025-08-17T02:07:32.0778914Z   submodules: false
2025-08-17T02:07:32.0779678Z   set-safe-directory: true
2025-08-17T02:07:32.0780741Z env:
2025-08-17T02:07:32.0781522Z   PYTHONPATH: .
2025-08-17T02:07:32.0782232Z ##[endgroup]
2025-08-17T02:07:32.1903776Z Syncing repository: BradleyConlin/northstrike-training
2025-08-17T02:07:32.1907758Z ##[group]Getting Git version info
2025-08-17T02:07:32.1909588Z Working directory is '/home/runner/work/northstrike-training/northstrike-training'
2025-08-17T02:07:32.1912176Z [command]/usr/bin/git version
2025-08-17T02:07:32.1919853Z git version 2.50.1
2025-08-17T02:07:32.1948296Z ##[endgroup]
2025-08-17T02:07:32.1963702Z Temporarily overriding HOME='/home/runner/work/_temp/296b5293-ef23-494d-94fa-b120b62d86c2' before making global git config changes
2025-08-17T02:07:32.1968404Z Adding repository directory to the temporary git global config as a safe directory
2025-08-17T02:07:32.1972901Z [command]/usr/bin/git config --global --add safe.directory /home/runner/work/northstrike-training/northstrike-training
2025-08-17T02:07:32.2017740Z Deleting the contents of '/home/runner/work/northstrike-training/northstrike-training'
2025-08-17T02:07:32.2020804Z ##[group]Initializing the repository
2025-08-17T02:07:32.2025084Z [command]/usr/bin/git init /home/runner/work/northstrike-training/northstrike-training
2025-08-17T02:07:32.2124915Z hint: Using 'master' as the name for the initial branch. This default branch name
2025-08-17T02:07:32.2128063Z hint: is subject to change. To configure the initial branch name to use in all
2025-08-17T02:07:32.2130173Z hint: of your new repositories, which will suppress this warning, call:
2025-08-17T02:07:32.2132007Z hint:
2025-08-17T02:07:32.2133012Z hint: 	git config --global init.defaultBranch <name>
2025-08-17T02:07:32.2134454Z hint:
2025-08-17T02:07:32.2135504Z hint: Names commonly chosen instead of 'master' are 'main', 'trunk' and
2025-08-17T02:07:32.2137499Z hint: 'development'. The just-created branch can be renamed via this command:
2025-08-17T02:07:32.2139285Z hint:
2025-08-17T02:07:32.2139979Z hint: 	git branch -m <name>
2025-08-17T02:07:32.2140776Z hint:
2025-08-17T02:07:32.2142119Z hint: Disable this message with "git config set advice.defaultBranchName false"
2025-08-17T02:07:32.2144457Z Initialized empty Git repository in /home/runner/work/northstrike-training/northstrike-training/.git/
2025-08-17T02:07:32.2147972Z [command]/usr/bin/git remote add origin https://github.com/BradleyConlin/northstrike-training
2025-08-17T02:07:32.2173721Z ##[endgroup]
2025-08-17T02:07:32.2175218Z ##[group]Disabling automatic garbage collection
2025-08-17T02:07:32.2176844Z [command]/usr/bin/git config --local gc.auto 0
2025-08-17T02:07:32.2208750Z ##[endgroup]
2025-08-17T02:07:32.2210940Z ##[group]Setting up auth
2025-08-17T02:07:32.2216959Z [command]/usr/bin/git config --local --name-only --get-regexp core\.sshCommand
2025-08-17T02:07:32.2249391Z [command]/usr/bin/git submodule foreach --recursive sh -c "git config --local --name-only --get-regexp 'core\.sshCommand' && git config --local --unset-all 'core.sshCommand' || :"
2025-08-17T02:07:32.2555796Z [command]/usr/bin/git config --local --name-only --get-regexp http\.https\:\/\/github\.com\/\.extraheader
2025-08-17T02:07:32.2585236Z [command]/usr/bin/git submodule foreach --recursive sh -c "git config --local --name-only --get-regexp 'http\.https\:\/\/github\.com\/\.extraheader' && git config --local --unset-all 'http.https://github.com/.extraheader' || :"
2025-08-17T02:07:32.2799427Z [command]/usr/bin/git config --local http.https://github.com/.extraheader AUTHORIZATION: basic ***
2025-08-17T02:07:32.2831635Z ##[endgroup]
2025-08-17T02:07:32.2832957Z ##[group]Fetching the repository
2025-08-17T02:07:32.2849515Z [command]/usr/bin/git -c protocol.version=2 fetch --no-tags --prune --no-recurse-submodules --depth=1 origin +23990cfdb920863ee4b204a45e40c9615d9aa01b:refs/remotes/origin/main
2025-08-17T02:07:32.4431138Z From https://github.com/BradleyConlin/northstrike-training
2025-08-17T02:07:32.4434135Z  * [new ref]         23990cfdb920863ee4b204a45e40c9615d9aa01b -> origin/main
2025-08-17T02:07:32.4461810Z ##[endgroup]
2025-08-17T02:07:32.4463745Z ##[group]Determining the checkout info
2025-08-17T02:07:32.4465737Z ##[endgroup]
2025-08-17T02:07:32.4467309Z [command]/usr/bin/git sparse-checkout disable
2025-08-17T02:07:32.4509274Z [command]/usr/bin/git config --local --unset-all extensions.worktreeConfig
2025-08-17T02:07:32.4536577Z ##[group]Checking out the ref
2025-08-17T02:07:32.4538792Z [command]/usr/bin/git checkout --progress --force -B main refs/remotes/origin/main
2025-08-17T02:07:32.4636303Z Switched to a new branch 'main'
2025-08-17T02:07:32.4639005Z branch 'main' set up to track 'origin/main'.
2025-08-17T02:07:32.4645727Z ##[endgroup]
2025-08-17T02:07:32.4677174Z [command]/usr/bin/git log -1 --format=%H
2025-08-17T02:07:32.4698085Z 23990cfdb920863ee4b204a45e40c9615d9aa01b
2025-08-17T02:07:32.4958084Z ##[group]Run actions/setup-python@v5
2025-08-17T02:07:32.4959054Z with:
2025-08-17T02:07:32.4959681Z   python-version: 3.10
2025-08-17T02:07:32.4960432Z   check-latest: false
2025-08-17T02:07:32.4961535Z   token: ***
2025-08-17T02:07:32.4962230Z   update-environment: true
2025-08-17T02:07:32.4963042Z   allow-prereleases: false
2025-08-17T02:07:32.4963837Z   freethreaded: false
2025-08-17T02:07:32.4964529Z env:
2025-08-17T02:07:32.4965120Z   PYTHONPATH: .
2025-08-17T02:07:32.4965783Z ##[endgroup]
2025-08-17T02:07:32.6601729Z ##[group]Installed versions
2025-08-17T02:07:32.6702391Z Successfully set up CPython (3.10.18)
2025-08-17T02:07:32.6704922Z ##[endgroup]
2025-08-17T02:07:32.6834823Z ##[group]Run python -m pip install -U pip setuptools wheel
2025-08-17T02:07:32.6836418Z [36;1mpython -m pip install -U pip setuptools wheel[0m
2025-08-17T02:07:32.7242529Z shell: /usr/bin/bash -e {0}
2025-08-17T02:07:32.7243348Z env:
2025-08-17T02:07:32.7243947Z   PYTHONPATH: .
2025-08-17T02:07:32.7244831Z   pythonLocation: /opt/hostedtoolcache/Python/3.10.18/x64
2025-08-17T02:07:32.7246264Z   PKG_CONFIG_PATH: /opt/hostedtoolcache/Python/3.10.18/x64/lib/pkgconfig
2025-08-17T02:07:32.7247675Z   Python_ROOT_DIR: /opt/hostedtoolcache/Python/3.10.18/x64
2025-08-17T02:07:32.7248956Z   Python2_ROOT_DIR: /opt/hostedtoolcache/Python/3.10.18/x64
2025-08-17T02:07:32.7250231Z   Python3_ROOT_DIR: /opt/hostedtoolcache/Python/3.10.18/x64
2025-08-17T02:07:32.7251650Z   LD_LIBRARY_PATH: /opt/hostedtoolcache/Python/3.10.18/x64/lib
2025-08-17T02:07:32.7252725Z ##[endgroup]
2025-08-17T02:07:36.8635486Z Requirement already satisfied: pip in /opt/hostedtoolcache/Python/3.10.18/x64/lib/python3.10/site-packages (25.2)
2025-08-17T02:07:36.9623781Z Requirement already satisfied: setuptools in /opt/hostedtoolcache/Python/3.10.18/x64/lib/python3.10/site-packages (65.5.0)
2025-08-17T02:07:37.1184984Z Collecting setuptools
2025-08-17T02:07:37.1514401Z   Downloading setuptools-80.9.0-py3-none-any.whl.metadata (6.6 kB)
2025-08-17T02:07:37.1899534Z Collecting wheel
2025-08-17T02:07:37.1936976Z   Downloading wheel-0.45.1-py3-none-any.whl.metadata (2.3 kB)
2025-08-17T02:07:37.2020082Z Downloading setuptools-80.9.0-py3-none-any.whl (1.2 MB)
2025-08-17T02:07:37.2263823Z    ━━━━━━━━━━━━━━━━━━━━━━━━━━━━━━━━━━━━━━━━ 1.2/1.2 MB 90.7 MB/s  0:00:00
2025-08-17T02:07:37.2299228Z Downloading wheel-0.45.1-py3-none-any.whl (72 kB)
2025-08-17T02:07:37.2694896Z Installing collected packages: wheel, setuptools
2025-08-17T02:07:37.3128625Z   Attempting uninstall: setuptools
2025-08-17T02:07:37.3135293Z     Found existing installation: setuptools 65.5.0
2025-08-17T02:07:37.4061458Z     Uninstalling setuptools-65.5.0:
2025-08-17T02:07:37.4603666Z       Successfully uninstalled setuptools-65.5.0
2025-08-17T02:07:38.1504400Z 
2025-08-17T02:07:38.1516248Z Successfully installed setuptools-80.9.0 wheel-0.45.1
2025-08-17T02:07:38.2862300Z ##[group]Run python -m pip install -r requirements-dev.txt
2025-08-17T02:07:38.2862750Z [36;1mpython -m pip install -r requirements-dev.txt[0m
2025-08-17T02:07:38.2905436Z shell: /usr/bin/bash -e {0}
2025-08-17T02:07:38.2905661Z env:
2025-08-17T02:07:38.2905827Z   PYTHONPATH: .
2025-08-17T02:07:38.2906082Z   pythonLocation: /opt/hostedtoolcache/Python/3.10.18/x64
2025-08-17T02:07:38.2906478Z   PKG_CONFIG_PATH: /opt/hostedtoolcache/Python/3.10.18/x64/lib/pkgconfig
2025-08-17T02:07:38.2906878Z   Python_ROOT_DIR: /opt/hostedtoolcache/Python/3.10.18/x64
2025-08-17T02:07:38.2907231Z   Python2_ROOT_DIR: /opt/hostedtoolcache/Python/3.10.18/x64
2025-08-17T02:07:38.2907568Z   Python3_ROOT_DIR: /opt/hostedtoolcache/Python/3.10.18/x64
2025-08-17T02:07:38.2907909Z   LD_LIBRARY_PATH: /opt/hostedtoolcache/Python/3.10.18/x64/lib
2025-08-17T02:07:38.2908198Z ##[endgroup]
2025-08-17T02:07:38.7853034Z Collecting black (from -r requirements-dev.txt (line 1))
2025-08-17T02:07:38.8184461Z   Downloading black-25.1.0-cp310-cp310-manylinux_2_17_x86_64.manylinux2014_x86_64.manylinux_2_28_x86_64.whl.metadata (81 kB)
2025-08-17T02:07:38.8860263Z Collecting isort (from -r requirements-dev.txt (line 2))
2025-08-17T02:07:38.8902101Z   Downloading isort-6.0.1-py3-none-any.whl.metadata (11 kB)
2025-08-17T02:07:38.9179950Z Collecting flake8 (from -r requirements-dev.txt (line 3))
2025-08-17T02:07:38.9212892Z   Downloading flake8-7.3.0-py2.py3-none-any.whl.metadata (3.8 kB)
2025-08-17T02:07:38.9664457Z Collecting pytest (from -r requirements-dev.txt (line 4))
2025-08-17T02:07:38.9700473Z   Downloading pytest-8.4.1-py3-none-any.whl.metadata (7.7 kB)
2025-08-17T02:07:39.0172389Z Collecting pre-commit (from -r requirements-dev.txt (line 5))
2025-08-17T02:07:39.0203082Z   Downloading pre_commit-4.3.0-py2.py3-none-any.whl.metadata (1.2 kB)
2025-08-17T02:07:39.2286295Z Collecting numpy==1.26.4 (from -r requirements-dev.txt (line 7))
2025-08-17T02:07:39.2327331Z   Downloading numpy-1.26.4-cp310-cp310-manylinux_2_17_x86_64.manylinux2014_x86_64.whl.metadata (61 kB)
2025-08-17T02:07:39.3639775Z Collecting pandas==2.2.2 (from -r requirements-dev.txt (line 8))
2025-08-17T02:07:39.3692246Z   Downloading pandas-2.2.2-cp310-cp310-manylinux_2_17_x86_64.manylinux2014_x86_64.whl.metadata (19 kB)
2025-08-17T02:07:39.4232908Z Collecting python-dateutil>=2.8.2 (from pandas==2.2.2->-r requirements-dev.txt (line 8))
2025-08-17T02:07:39.4268901Z   Downloading python_dateutil-2.9.0.post0-py2.py3-none-any.whl.metadata (8.4 kB)
2025-08-17T02:07:39.4695194Z Collecting pytz>=2020.1 (from pandas==2.2.2->-r requirements-dev.txt (line 8))
2025-08-17T02:07:39.4736824Z   Downloading pytz-2025.2-py2.py3-none-any.whl.metadata (22 kB)
2025-08-17T02:07:39.5070864Z Collecting tzdata>=2022.7 (from pandas==2.2.2->-r requirements-dev.txt (line 8))
2025-08-17T02:07:39.5105331Z   Downloading tzdata-2025.2-py2.py3-none-any.whl.metadata (1.4 kB)
2025-08-17T02:07:39.5361027Z Collecting click>=8.0.0 (from black->-r requirements-dev.txt (line 1))
2025-08-17T02:07:39.5396583Z   Downloading click-8.2.1-py3-none-any.whl.metadata (2.5 kB)
2025-08-17T02:07:39.5512984Z Collecting mypy-extensions>=0.4.3 (from black->-r requirements-dev.txt (line 1))
2025-08-17T02:07:39.5552562Z   Downloading mypy_extensions-1.1.0-py3-none-any.whl.metadata (1.1 kB)
2025-08-17T02:07:39.5749833Z Collecting packaging>=22.0 (from black->-r requirements-dev.txt (line 1))
2025-08-17T02:07:39.5781548Z   Downloading packaging-25.0-py3-none-any.whl.metadata (3.3 kB)
2025-08-17T02:07:39.5927467Z Collecting pathspec>=0.9.0 (from black->-r requirements-dev.txt (line 1))
2025-08-17T02:07:39.5961482Z   Downloading pathspec-0.12.1-py3-none-any.whl.metadata (21 kB)
2025-08-17T02:07:39.6180502Z Collecting platformdirs>=2 (from black->-r requirements-dev.txt (line 1))
2025-08-17T02:07:39.6214725Z   Downloading platformdirs-4.3.8-py3-none-any.whl.metadata (12 kB)
2025-08-17T02:07:39.6422120Z Collecting tomli>=1.1.0 (from black->-r requirements-dev.txt (line 1))
2025-08-17T02:07:39.6459812Z   Downloading tomli-2.2.1-py3-none-any.whl.metadata (10 kB)
2025-08-17T02:07:39.6694926Z Collecting typing-extensions>=4.0.1 (from black->-r requirements-dev.txt (line 1))
2025-08-17T02:07:39.6728421Z   Downloading typing_extensions-4.14.1-py3-none-any.whl.metadata (3.0 kB)
2025-08-17T02:07:39.6854171Z Collecting mccabe<0.8.0,>=0.7.0 (from flake8->-r requirements-dev.txt (line 3))
2025-08-17T02:07:39.6885148Z   Downloading mccabe-0.7.0-py2.py3-none-any.whl.metadata (5.0 kB)
2025-08-17T02:07:39.7075639Z Collecting pycodestyle<2.15.0,>=2.14.0 (from flake8->-r requirements-dev.txt (line 3))
2025-08-17T02:07:39.7109165Z   Downloading pycodestyle-2.14.0-py2.py3-none-any.whl.metadata (4.5 kB)
2025-08-17T02:07:39.7277842Z Collecting pyflakes<3.5.0,>=3.4.0 (from flake8->-r requirements-dev.txt (line 3))
2025-08-17T02:07:39.7308615Z   Downloading pyflakes-3.4.0-py2.py3-none-any.whl.metadata (3.5 kB)
2025-08-17T02:07:39.7481478Z Collecting exceptiongroup>=1 (from pytest->-r requirements-dev.txt (line 4))
2025-08-17T02:07:39.7516184Z   Downloading exceptiongroup-1.3.0-py3-none-any.whl.metadata (6.7 kB)
2025-08-17T02:07:39.7631909Z Collecting iniconfig>=1 (from pytest->-r requirements-dev.txt (line 4))
2025-08-17T02:07:39.7682109Z   Downloading iniconfig-2.1.0-py3-none-any.whl.metadata (2.7 kB)
2025-08-17T02:07:39.7848624Z Collecting pluggy<2,>=1.5 (from pytest->-r requirements-dev.txt (line 4))
2025-08-17T02:07:39.7880064Z   Downloading pluggy-1.6.0-py3-none-any.whl.metadata (4.8 kB)
2025-08-17T02:07:39.8125294Z Collecting pygments>=2.7.2 (from pytest->-r requirements-dev.txt (line 4))
2025-08-17T02:07:39.8158424Z   Downloading pygments-2.19.2-py3-none-any.whl.metadata (2.5 kB)
2025-08-17T02:07:39.8352761Z Collecting cfgv>=2.0.0 (from pre-commit->-r requirements-dev.txt (line 5))
2025-08-17T02:07:39.8385290Z   Downloading cfgv-3.4.0-py2.py3-none-any.whl.metadata (8.5 kB)
2025-08-17T02:07:39.8920366Z Collecting identify>=1.0.0 (from pre-commit->-r requirements-dev.txt (line 5))
2025-08-17T02:07:39.8956511Z   Downloading identify-2.6.13-py2.py3-none-any.whl.metadata (4.4 kB)
2025-08-17T02:07:39.9140024Z Collecting nodeenv>=0.11.1 (from pre-commit->-r requirements-dev.txt (line 5))
2025-08-17T02:07:39.9170979Z   Downloading nodeenv-1.9.1-py2.py3-none-any.whl.metadata (21 kB)
2025-08-17T02:07:39.9590398Z Collecting pyyaml>=5.1 (from pre-commit->-r requirements-dev.txt (line 5))
2025-08-17T02:07:39.9625232Z   Downloading PyYAML-6.0.2-cp310-cp310-manylinux_2_17_x86_64.manylinux2014_x86_64.whl.metadata (2.1 kB)
2025-08-17T02:07:40.0367125Z Collecting virtualenv>=20.10.0 (from pre-commit->-r requirements-dev.txt (line 5))
2025-08-17T02:07:40.0420619Z   Downloading virtualenv-20.34.0-py3-none-any.whl.metadata (4.6 kB)
2025-08-17T02:07:40.0787062Z Collecting six>=1.5 (from python-dateutil>=2.8.2->pandas==2.2.2->-r requirements-dev.txt (line 8))
2025-08-17T02:07:40.0819167Z   Downloading six-1.17.0-py2.py3-none-any.whl.metadata (1.7 kB)
2025-08-17T02:07:40.1038425Z Collecting distlib<1,>=0.3.7 (from virtualenv>=20.10.0->pre-commit->-r requirements-dev.txt (line 5))
2025-08-17T02:07:40.1070050Z   Downloading distlib-0.4.0-py2.py3-none-any.whl.metadata (5.2 kB)
2025-08-17T02:07:40.1290071Z Collecting filelock<4,>=3.12.2 (from virtualenv>=20.10.0->pre-commit->-r requirements-dev.txt (line 5))
2025-08-17T02:07:40.1323887Z   Downloading filelock-3.19.1-py3-none-any.whl.metadata (2.1 kB)
2025-08-17T02:07:40.1540017Z Downloading numpy-1.26.4-cp310-cp310-manylinux_2_17_x86_64.manylinux2014_x86_64.whl (18.2 MB)
2025-08-17T02:07:40.2382361Z    ━━━━━━━━━━━━━━━━━━━━━━━━━━━━━━━━━━━━━━━━ 18.2/18.2 MB 225.9 MB/s  0:00:00
2025-08-17T02:07:40.2436720Z Downloading pandas-2.2.2-cp310-cp310-manylinux_2_17_x86_64.manylinux2014_x86_64.whl (13.0 MB)
2025-08-17T02:07:40.2980150Z    ━━━━━━━━━━━━━━━━━━━━━━━━━━━━━━━━━━━━━━━━ 13.0/13.0 MB 247.8 MB/s  0:00:00
2025-08-17T02:07:40.3019517Z Downloading black-25.1.0-cp310-cp310-manylinux_2_17_x86_64.manylinux2014_x86_64.manylinux_2_28_x86_64.whl (1.8 MB)
2025-08-17T02:07:40.3150748Z    ━━━━━━━━━━━━━━━━━━━━━━━━━━━━━━━━━━━━━━━━ 1.8/1.8 MB 150.6 MB/s  0:00:00
2025-08-17T02:07:40.3185939Z Downloading isort-6.0.1-py3-none-any.whl (94 kB)
2025-08-17T02:07:40.3278885Z Downloading flake8-7.3.0-py2.py3-none-any.whl (57 kB)
2025-08-17T02:07:40.3368574Z Downloading mccabe-0.7.0-py2.py3-none-any.whl (7.3 kB)
2025-08-17T02:07:40.3425352Z Downloading pycodestyle-2.14.0-py2.py3-none-any.whl (31 kB)
2025-08-17T02:07:40.3489401Z Downloading pyflakes-3.4.0-py2.py3-none-any.whl (63 kB)
2025-08-17T02:07:40.3564525Z Downloading pytest-8.4.1-py3-none-any.whl (365 kB)
2025-08-17T02:07:40.3652961Z Downloading pluggy-1.6.0-py3-none-any.whl (20 kB)
2025-08-17T02:07:40.3720103Z Downloading pre_commit-4.3.0-py2.py3-none-any.whl (220 kB)
2025-08-17T02:07:40.3785800Z Downloading cfgv-3.4.0-py2.py3-none-any.whl (7.2 kB)
2025-08-17T02:07:40.3841039Z Downloading click-8.2.1-py3-none-any.whl (102 kB)
2025-08-17T02:07:40.3898445Z Downloading exceptiongroup-1.3.0-py3-none-any.whl (16 kB)
2025-08-17T02:07:40.3956662Z Downloading identify-2.6.13-py2.py3-none-any.whl (99 kB)
2025-08-17T02:07:40.4016689Z Downloading iniconfig-2.1.0-py3-none-any.whl (6.0 kB)
2025-08-17T02:07:40.4076209Z Downloading mypy_extensions-1.1.0-py3-none-any.whl (5.0 kB)
2025-08-17T02:07:40.4202384Z Downloading nodeenv-1.9.1-py2.py3-none-any.whl (22 kB)
2025-08-17T02:07:40.4264688Z Downloading packaging-25.0-py3-none-any.whl (66 kB)
2025-08-17T02:07:40.4334457Z Downloading pathspec-0.12.1-py3-none-any.whl (31 kB)
2025-08-17T02:07:40.4397962Z Downloading platformdirs-4.3.8-py3-none-any.whl (18 kB)
2025-08-17T02:07:40.4451644Z Downloading pygments-2.19.2-py3-none-any.whl (1.2 MB)
2025-08-17T02:07:40.4546715Z    ━━━━━━━━━━━━━━━━━━━━━━━━━━━━━━━━━━━━━━━━ 1.2/1.2 MB 138.8 MB/s  0:00:00
2025-08-17T02:07:40.4579394Z Downloading python_dateutil-2.9.0.post0-py2.py3-none-any.whl (229 kB)
2025-08-17T02:07:40.4661563Z Downloading pytz-2025.2-py2.py3-none-any.whl (509 kB)
2025-08-17T02:07:40.4794205Z Downloading PyYAML-6.0.2-cp310-cp310-manylinux_2_17_x86_64.manylinux2014_x86_64.whl (751 kB)
2025-08-17T02:07:40.4872076Z    ━━━━━━━━━━━━━━━━━━━━━━━━━━━━━━━━━━━━━━━━ 751.2/751.2 kB 93.0 MB/s  0:00:00
2025-08-17T02:07:40.4903318Z Downloading six-1.17.0-py2.py3-none-any.whl (11 kB)
2025-08-17T02:07:40.4958296Z Downloading tomli-2.2.1-py3-none-any.whl (14 kB)
2025-08-17T02:07:40.5026485Z Downloading typing_extensions-4.14.1-py3-none-any.whl (43 kB)
2025-08-17T02:07:40.5081069Z Downloading tzdata-2025.2-py2.py3-none-any.whl (347 kB)
2025-08-17T02:07:40.5156840Z Downloading virtualenv-20.34.0-py3-none-any.whl (6.0 MB)
2025-08-17T02:07:40.5440879Z    ━━━━━━━━━━━━━━━━━━━━━━━━━━━━━━━━━━━━━━━━ 6.0/6.0 MB 220.7 MB/s  0:00:00
2025-08-17T02:07:40.5474216Z Downloading distlib-0.4.0-py2.py3-none-any.whl (469 kB)
2025-08-17T02:07:40.5563686Z Downloading filelock-3.19.1-py3-none-any.whl (15 kB)
2025-08-17T02:07:40.7503537Z Installing collected packages: pytz, distlib, tzdata, typing-extensions, tomli, six, pyyaml, pygments, pyflakes, pycodestyle, pluggy, platformdirs, pathspec, packaging, numpy, nodeenv, mypy-extensions, mccabe, isort, iniconfig, identify, filelock, click, cfgv, virtualenv, python-dateutil, flake8, exceptiongroup, black, pytest, pre-commit, pandas
2025-08-17T02:07:48.3608106Z 
2025-08-17T02:07:48.3667172Z Successfully installed black-25.1.0 cfgv-3.4.0 click-8.2.1 distlib-0.4.0 exceptiongroup-1.3.0 filelock-3.19.1 flake8-7.3.0 identify-2.6.13 iniconfig-2.1.0 isort-6.0.1 mccabe-0.7.0 mypy-extensions-1.1.0 nodeenv-1.9.1 numpy-1.26.4 packaging-25.0 pandas-2.2.2 pathspec-0.12.1 platformdirs-4.3.8 pluggy-1.6.0 pre-commit-4.3.0 pycodestyle-2.14.0 pyflakes-3.4.0 pygments-2.19.2 pytest-8.4.1 python-dateutil-2.9.0.post0 pytz-2025.2 pyyaml-6.0.2 six-1.17.0 tomli-2.2.1 typing-extensions-4.14.1 tzdata-2025.2 virtualenv-20.34.0
2025-08-17T02:07:48.4625955Z ##[group]Run python -c "import sys; print(sys.version)"
2025-08-17T02:07:48.4626366Z [36;1mpython -c "import sys; print(sys.version)"[0m
2025-08-17T02:07:48.4626824Z [36;1mpython -c "import pkgutil; print(sorted([m.name for m in pkgutil.iter_modules()])[:5], '...')"[0m
2025-08-17T02:07:48.4627263Z [36;1mpython - <<'PY'[0m
2025-08-17T02:07:48.4627478Z [36;1mimport importlib, sys[0m
2025-08-17T02:07:48.4627723Z [36;1mfor mod in ['pytest','numpy','pandas']:[0m
2025-08-17T02:07:48.4627978Z [36;1m    try:[0m
2025-08-17T02:07:48.4628173Z [36;1m        m = importlib.import_module(mod)[0m
2025-08-17T02:07:48.4628481Z [36;1m        print(mod, getattr(m,'__version__','(no __version__)'))[0m
2025-08-17T02:07:48.4628785Z [36;1m    except Exception as e:[0m
2025-08-17T02:07:48.4629017Z [36;1m        print('MISSING', mod, e)[0m
2025-08-17T02:07:48.4629247Z [36;1m        sys.exit(2)[0m
2025-08-17T02:07:48.4629435Z [36;1mPY[0m
2025-08-17T02:07:48.4669579Z shell: /usr/bin/bash -e {0}
2025-08-17T02:07:48.4669797Z env:
2025-08-17T02:07:48.4669962Z   PYTHONPATH: .
2025-08-17T02:07:48.4670209Z   pythonLocation: /opt/hostedtoolcache/Python/3.10.18/x64
2025-08-17T02:07:48.4670603Z   PKG_CONFIG_PATH: /opt/hostedtoolcache/Python/3.10.18/x64/lib/pkgconfig
2025-08-17T02:07:48.4670974Z   Python_ROOT_DIR: /opt/hostedtoolcache/Python/3.10.18/x64
2025-08-17T02:07:48.4671540Z   Python2_ROOT_DIR: /opt/hostedtoolcache/Python/3.10.18/x64
2025-08-17T02:07:48.4671929Z   Python3_ROOT_DIR: /opt/hostedtoolcache/Python/3.10.18/x64
2025-08-17T02:07:48.4672259Z   LD_LIBRARY_PATH: /opt/hostedtoolcache/Python/3.10.18/x64/lib
2025-08-17T02:07:48.4672541Z ##[endgroup]
2025-08-17T02:07:48.4832654Z 3.10.18 (main, Jun  4 2025, 04:04:42) [GCC 13.3.0]
2025-08-17T02:07:48.5882115Z ['30fcd23745efe32ce681__mypyc', '__future__', '_aix_support', '_asyncio', '_bisect'] ...
2025-08-17T02:07:49.3978906Z pytest 8.4.1
2025-08-17T02:07:49.3979561Z numpy 1.26.4
2025-08-17T02:07:49.3979835Z pandas 2.2.2
2025-08-17T02:07:49.4441535Z ##[group]Run pre-commit run --all-files
2025-08-17T02:07:49.4441878Z [36;1mpre-commit run --all-files[0m
2025-08-17T02:07:49.4481531Z shell: /usr/bin/bash -e {0}
2025-08-17T02:07:49.4481763Z env:
2025-08-17T02:07:49.4482085Z   PYTHONPATH: .
2025-08-17T02:07:49.4482340Z   pythonLocation: /opt/hostedtoolcache/Python/3.10.18/x64
2025-08-17T02:07:49.4482732Z   PKG_CONFIG_PATH: /opt/hostedtoolcache/Python/3.10.18/x64/lib/pkgconfig
2025-08-17T02:07:49.4483114Z   Python_ROOT_DIR: /opt/hostedtoolcache/Python/3.10.18/x64
2025-08-17T02:07:49.4483444Z   Python2_ROOT_DIR: /opt/hostedtoolcache/Python/3.10.18/x64
2025-08-17T02:07:49.4483778Z   Python3_ROOT_DIR: /opt/hostedtoolcache/Python/3.10.18/x64
2025-08-17T02:07:49.4484119Z   LD_LIBRARY_PATH: /opt/hostedtoolcache/Python/3.10.18/x64/lib
2025-08-17T02:07:49.4484390Z ##[endgroup]
2025-08-17T02:07:49.8787803Z [INFO] Initializing environment for https://github.com/psf/black.
2025-08-17T02:07:50.1750676Z [INFO] Initializing environment for https://github.com/pycqa/isort.
2025-08-17T02:07:50.4190350Z [WARNING] repo `https://github.com/pycqa/isort` uses deprecated stage names (commit, merge-commit, push) which will be removed in a future version.  Hint: often `pre-commit autoupdate --repo https://github.com/pycqa/isort` will fix this.  if it does not -- consider reporting an issue to that repo.
2025-08-17T02:07:50.4198957Z [INFO] Initializing environment for https://github.com/pycqa/flake8.
2025-08-17T02:07:50.6289865Z [INFO] Initializing environment for https://github.com/Yelp/detect-secrets.
2025-08-17T02:07:50.8477185Z [INFO] Installing environment for https://github.com/psf/black.
2025-08-17T02:07:50.8477633Z [INFO] Once installed this environment will be reused.
2025-08-17T02:07:50.8477937Z [INFO] This may take a few minutes...
2025-08-17T02:07:55.3615980Z [INFO] Installing environment for https://github.com/pycqa/isort.
2025-08-17T02:07:55.3616695Z [INFO] Once installed this environment will be reused.
2025-08-17T02:07:55.3617257Z [INFO] This may take a few minutes...
2025-08-17T02:07:57.8423726Z [INFO] Installing environment for https://github.com/pycqa/flake8.
2025-08-17T02:07:57.8424178Z [INFO] Once installed this environment will be reused.
2025-08-17T02:07:57.8424502Z [INFO] This may take a few minutes...
2025-08-17T02:08:00.8419154Z [INFO] Installing environment for https://github.com/Yelp/detect-secrets.
2025-08-17T02:08:00.8419776Z [INFO] Once installed this environment will be reused.
2025-08-17T02:08:00.8420093Z [INFO] This may take a few minutes...
2025-08-17T02:08:04.9758767Z black....................................................................Passed
2025-08-17T02:08:05.1200302Z isort....................................................................Passed
2025-08-17T02:08:05.6274475Z flake8...................................................................Passed
2025-08-17T02:08:06.3101585Z Detect secrets...........................................................Passed
2025-08-17T02:08:06.3280393Z ##[group]Run python -m pytest -q
2025-08-17T02:08:06.3280885Z [36;1mpython -m pytest -q[0m
2025-08-17T02:08:06.3339017Z shell: /usr/bin/bash -e {0}
2025-08-17T02:08:06.3339407Z env:
2025-08-17T02:08:06.3339684Z   PYTHONPATH: .
2025-08-17T02:08:06.3340136Z   pythonLocation: /opt/hostedtoolcache/Python/3.10.18/x64
2025-08-17T02:08:06.3340854Z   PKG_CONFIG_PATH: /opt/hostedtoolcache/Python/3.10.18/x64/lib/pkgconfig
2025-08-17T02:08:06.3341788Z   Python_ROOT_DIR: /opt/hostedtoolcache/Python/3.10.18/x64
2025-08-17T02:08:06.3342405Z   Python2_ROOT_DIR: /opt/hostedtoolcache/Python/3.10.18/x64
2025-08-17T02:08:06.3343024Z   Python3_ROOT_DIR: /opt/hostedtoolcache/Python/3.10.18/x64
2025-08-17T02:08:06.3343642Z   LD_LIBRARY_PATH: /opt/hostedtoolcache/Python/3.10.18/x64/lib
2025-08-17T02:08:06.3344157Z ##[endgroup]
2025-08-17T02:08:07.0509126Z 
2025-08-17T02:08:07.0509647Z ==================================== ERRORS ====================================
2025-08-17T02:08:07.0510560Z _______________ ERROR collecting tests/test_hover_kpi_offline.py _______________
2025-08-17T02:08:07.0511850Z ImportError while importing test module '/home/runner/work/northstrike-training/northstrike-training/tests/test_hover_kpi_offline.py'.
2025-08-17T02:08:07.0512860Z Hint: make sure your test modules/packages have valid Python names.
2025-08-17T02:08:07.0513812Z Traceback:
2025-08-17T02:08:07.0514360Z /opt/hostedtoolcache/Python/3.10.18/x64/lib/python3.10/importlib/__init__.py:126: in import_module
2025-08-17T02:08:07.0515117Z     return _bootstrap._gcd_import(name[level:], package, level)
2025-08-17T02:08:07.0515604Z tests/test_hover_kpi_offline.py:3: in <module>
2025-08-17T02:08:07.0516105Z     from scripts.evaluation.hover_kpi_report import compute_hover_kpis
2025-08-17T02:08:07.0516559Z scripts/evaluation/hover_kpi_report.py:11: in <module>
2025-08-17T02:08:07.0516917Z     import matplotlib.pyplot as plt
2025-08-17T02:08:07.0517250Z E   ModuleNotFoundError: No module named 'matplotlib'
2025-08-17T02:08:07.0517631Z =========================== short test summary info ============================
2025-08-17T02:08:07.0517984Z ERROR tests/test_hover_kpi_offline.py
2025-08-17T02:08:07.0518340Z !!!!!!!!!!!!!!!!!!!! Interrupted: 1 error during collection !!!!!!!!!!!!!!!!!!!!
2025-08-17T02:08:07.0518699Z 1 error in 0.49s
2025-08-17T02:08:07.0998367Z ##[error]Process completed with exit code 2.
2025-08-17T02:08:07.1085949Z Post job cleanup.
2025-08-17T02:08:07.2010397Z [command]/usr/bin/git version
2025-08-17T02:08:07.2046376Z git version 2.50.1
2025-08-17T02:08:07.2088035Z Temporarily overriding HOME='/home/runner/work/_temp/44ca6241-38b0-4a5d-89c0-2764f055353b' before making global git config changes
2025-08-17T02:08:07.2089215Z Adding repository directory to the temporary git global config as a safe directory
2025-08-17T02:08:07.2100265Z [command]/usr/bin/git config --global --add safe.directory /home/runner/work/northstrike-training/northstrike-training
2025-08-17T02:08:07.2134681Z [command]/usr/bin/git config --local --name-only --get-regexp core\.sshCommand
2025-08-17T02:08:07.2167190Z [command]/usr/bin/git submodule foreach --recursive sh -c "git config --local --name-only --get-regexp 'core\.sshCommand' && git config --local --unset-all 'core.sshCommand' || :"
2025-08-17T02:08:07.2386233Z [command]/usr/bin/git config --local --name-only --get-regexp http\.https\:\/\/github\.com\/\.extraheader
2025-08-17T02:08:07.2406921Z http.https://github.com/.extraheader
2025-08-17T02:08:07.2419648Z [command]/usr/bin/git config --local --unset-all http.https://github.com/.extraheader
2025-08-17T02:08:07.2449473Z [command]/usr/bin/git submodule foreach --recursive sh -c "git config --local --name-only --get-regexp 'http\.https\:\/\/github\.com\/\.extraheader' && git config --local --unset-all 'http.https://github.com/.extraheader' || :"
2025-08-17T02:08:07.2769061Z Cleaning up orphan processes
